// Jest Snapshot v1, https://goo.gl/fbAQLP

exports[`Loading component testing Loading component snapshot 1`] = `
<p>
  loading...
</p>
`;
